
> project_doomsday@0.1.0 dev
> next dev

   ▲ Next.js 15.1.11
   - Local:        http://localhost:3000
   - Network:      http://192.168.1.114:3000
   - Environments: .env.local

 ✓ Starting...
 ✓ Ready in 1869ms
 ○ Compiling / ...
 ✓ Compiled / in 1828ms (690 modules)
 GET / 200 in 2302ms
 ✓ Compiled in 456ms (324 modules)
 ✓ Compiled /api/enhance-prompt in 335ms (686 modules)
 POST /api/enhance-prompt 200 in 6203ms
 ○ Compiling /workspace/[id] ...
 ✓ Compiled /workspace/[id] in 1197ms (1238 modules)
 GET /workspace/69de5687d0d5e825bf1896f8 200 in 1907ms
 ○ Compiling /api/ai-chat ...
 ✓ Compiled /api/ai-chat in 629ms (1242 modules)
 POST /api/ai-chat 200 in 4767ms
 POST /api/ai-chat 200 in 5719ms
 POST /api/ai-chat 200 in 11215ms
 POST /api/ai-chat 200 in 17136ms

📝 AI raw output (58078 chars, first 800):
===META===
{"projectTitle":"TaskFlow","explanation":"A sleek dark-themed task management application with Kanban board, analytics, and drag-and-drop functionality"}
===ENDMETA===

===FRONTEND: /src/App.jsx===
import React from 'react';
import { BrowserRouter as Router, Routes, Route } from 'react-router-dom';
import { ToastContainer } from 'react-toastify';
import 'react-toastify/dist/ReactToastify.css';
import Navbar from './components/Navbar';
import Footer from './components/Footer';
import Home from './pages/Home';
import KanbanBoard from './pages/KanbanBoard';
import Analytics from './pages/Analytics';
import About from './pages/About';

function App() {
  return (
    <Router>
      <div className="min-h-screen bg-gray-900 text-gray-100">
        <Navbar />
        <main>
          <
---
✅ Parsed: 7 frontend + 10 backend files — "TaskFlow"
 POST /api/gen-ai-code 200 in 510967ms
 GET /workspace/69de5687d0d5e825bf1896f8 200 in 209ms
 ○ Compiling /favicon.ico ...
 ✓ Compiled /favicon.ico in 614ms (698 modules)
 GET /favicon.ico 200 in 719ms
